env print
arch=arm
auth_os=auth_cntr ${cntr_addr}
baudrate=115200
board=imx91_frdm
board_name=11X11_FRDM
board_rev=iMX93
boot_a_script=load ${devtype} ${devnum}:${distro_bootpart} ${scriptaddr} ${prefix}${script}; source ${scriptaddr}
boot_efi_binary=load ${devtype} ${devnum}:${distro_bootpart} ${kernel_addr_r} efi/boot/bootaa64.efi; if fdt addr -q ${fdt_addr_r}; then bootefi ${kernel_addr_r} ${fdt_addr_r};else bootefi ${kernel_addr_r} ${fdtcontroladdr};fi
boot_efi_bootmgr=if fdt addr -q ${fdt_addr_r}; then bootefi bootmgr ${fdt_addr_r};else bootefi bootmgr;fi
boot_extlinux=sysboot ${devtype} ${devnum}:${distro_bootpart} any ${scriptaddr} ${prefix}${boot_syslinux_conf}
boot_fit=no
boot_net_usb_start=usb start
boot_os=booti ${loadaddr} - ${fdt_addr_r};
boot_prefixes=/ /boot/
boot_script_dhcp=boot.scr.uimg
boot_scripts=boot.scr.uimg boot.scr
boot_syslinux_conf=extlinux/extlinux.conf
boot_targets=mmc0 mmc1 usb0 
bootcmd=run sr_ir_v2_cmd;run distro_bootcmd;run bsp_bootcmd
bootcmd_mfg=run mfgtool_args;if iminfo ${initrd_addr}; then if test ${tee} = yes; then bootm ${tee_addr} ${initrd_addr} ${fdt_addr}; else booti ${loadaddr} ${initrd_addr} ${fdt_addr}; fi; else echo "Run fastboot ..."; fastboot auto; fi;
bootcmd_mmc0=devnum=0; run mmc_boot
bootcmd_mmc1=devnum=1; run mmc_boot
bootcmd_usb0=devnum=0; run usb_boot
bootdelay=2
bootm_size=0x10000000
bootscript=echo Running bootscript from mmc ...; source
bsp_bootcmd=echo Running BSP bootcmd ...; mmc dev ${mmcdev}; if mmc rescan; then if run loadbootscript; then run bootscript; else if test ${sec_boot} = yes; then if run loadcntr; then run mmcboot; else run netboot; fi; else if run loadimage; then run mmcboot; else run netboot; fi; fi; fi; fi;
cntr_addr=0x98000000
cntr_file=os_cntr_signed.bin
console=ttyLP0,115200 earlycon
cpu=armv8
distro_bootcmd=for target in ${boot_targets}; do run bootcmd_${target}; done
efi_dtb_prefixes=/ /dtb/ /dtb/current/
emmc_dev=0
eth1addr=4e:60:02:82:2f:b0
ethact=ethernet@428a0000
ethaddr=de:e1:99:f8:4d:74
ethprime=eth1
fastboot_dev=mmc1
fdt_addr=0x83000000
fdt_addr_r=0x83000000
fdt_high=0xffffffffffffffff
fdtcontroladdr=bdec55d0
fdtfile=imx91-11x11-frdm.dtb
image=Image
initrd_addr=0x83800000
initrd_high=0xffffffffffffffff
jh_mmcboot=setenv fdtfile ${jh_root_dtb}; setenv jh_clk clk_ignore_unused mem=1248MB kvm-arm.mode=nvhe; if run loadimage; then run mmcboot;else run jh_netboot; fi; 
jh_netboot=setenv fdtfile ${jh_root_dtb}; setenv jh_clk clk_ignore_unused mem=1248MB kvm-arm.mode=nvhe; run netboot; 
jh_root_dtb=imx91-11x11-frdm-root.dtb
kboot=booti 
kernel_addr_r=0x80400000
load_efi_dtb=load ${devtype} ${devnum}:${distro_bootpart} ${fdt_addr_r} ${prefix}${efi_fdtfile}
loadaddr=0x80400000
loadbootscript=fatload mmc ${mmcdev}:${mmcpart} ${loadaddr} ${script};
loadcntr=fatload mmc ${mmcdev}:${mmcpart} ${cntr_addr} ${cntr_file}
loadfdt=fatload mmc ${mmcdev}:${mmcpart} ${fdt_addr_r} ${fdtfile}
loadimage=fatload mmc ${mmcdev}:${mmcpart} ${loadaddr} ${image}
mfgtool_args=setenv bootargs console=${console},${baudrate} rdinit=/linuxrc clk_ignore_unused 
mmc_boot=if mmc dev ${devnum}; then devtype=mmc; run scan_dev_for_boot_part; fi
mmcargs=setenv bootargs ${jh_clk} ${mcore_clk} console=${console} root=${mmcroot}
mmcautodetect=yes
mmcboot=echo Booting from mmc ...; run mmcargs; if test ${sec_boot} = yes; then if run auth_os; then run boot_os; else echo ERR: failed to authenticate; fi; else if test ${boot_fit} = yes || test ${boot_fit} = try; then bootm ${loadaddr}; else if run loadfdt; then run boot_os; else echo WARN: Cannot load the DT; fi; fi;fi;
mmcdev=1
mmcpart=1
mmcroot=/dev/mmcblk1p2 rootwait rw
netargs=setenv bootargs ${jh_clk} ${mcore_clk} console=${console} root=/dev/nfs ip=dhcp nfsroot=${serverip}:${nfsroot},v3,tcp
netboot=echo Booting from net ...; run netargs;  if test ${ip_dyn} = yes; then setenv get_cmd dhcp; else setenv get_cmd tftp; fi; if test ${sec_boot} = yes; then ${get_cmd} ${cntr_addr} ${cntr_file}; if run auth_os; then run boot_os; else echo ERR: failed to authenticate; fi; else ${get_cmd} ${loadaddr} ${image}; if test ${boot_fit} = yes || test ${boot_fit} = try; then bootm ${loadaddr}; else if ${get_cmd} ${fdt_addr_r} ${fdtfile}; then run boot_os; else echo WARN: Cannot load the DT; fi; fi;fi;
nodes=/usbg1 /usbg2 /wdt-reboot /display-subsystem /soc@0/bus@44000000/dma-controller@44000000 /soc@0/bus@44000000/sai@443b0000 /soc@0/bus@44000000/mqs1 /soc@0/bus@44000000/bbnsm@44440000 /soc@0/bus@44000000/system-controller@44460000 /soc@0/bus@44000000/tmu@44482000 /soc@0/bus@44000000/micfil@44520000 /soc@0/bus@42000000/dma-controller@42000000 /soc@0/bus@44000000/i3c-master@44330000 /soc@0/bus@42000000/i3c-master@42520000 /soc@0/bus@42000000/sai@42650000 /soc@0/bus@42000000/sai@42660000 /soc@0/bus@42000000/mqs2 /soc@0/bus@42000000/xcvr@42680000 /soc@0/bus@42000000/flexio@425c0000 /soc@0/bus@42800000/camera /soc@0/efuse@47510000 /soc@0/system-controller@4ac10000 /soc@0/lcd-controller@4ae30000 /soc@0/blk-ctrl@4e010000 /soc@0/memory-controller@4e300000 /soc@0/bus@44000000/i2c@44350000/pmic@25 /imx91-lpm  
scan_dev_for_boot=echo Scanning ${devtype} ${devnum}:${distro_bootpart}...; for prefix in ${boot_prefixes}; do run scan_dev_for_extlinux; run scan_dev_for_scripts; done;run scan_dev_for_efi;
scan_dev_for_boot_part=part list ${devtype} ${devnum} -bootable devplist; env exists devplist || setenv devplist 1; for distro_bootpart in ${devplist}; do if fstype ${devtype} ${devnum}:${distro_bootpart} bootfstype; then part uuid ${devtype} ${devnum}:${distro_bootpart} distro_bootpart_uuid ; run scan_dev_for_boot; fi; done; setenv devplist
scan_dev_for_efi=setenv efi_fdtfile ${fdtfile}; for prefix in ${efi_dtb_prefixes}; do if test -e ${devtype} ${devnum}:${distro_bootpart} ${prefix}${efi_fdtfile}; then run load_efi_dtb; fi;done;run boot_efi_bootmgr;if test -e ${devtype} ${devnum}:${distro_bootpart} efi/boot/bootaa64.efi; then echo Found EFI removable media binary efi/boot/bootaa64.efi; run boot_efi_binary; echo EFI LOAD FAILED: continuing...; fi; setenv efi_fdtfile
scan_dev_for_extlinux=if test -e ${devtype} ${devnum}:${distro_bootpart} ${prefix}${boot_syslinux_conf}; then echo Found ${prefix}${boot_syslinux_conf}; run boot_extlinux; echo EXTLINUX FAILED: continuing...; fi
scan_dev_for_scripts=for script in ${boot_scripts}; do if test -e ${devtype} ${devnum}:${distro_bootpart} ${prefix}${script}; then echo Found U-Boot script ${prefix}${script}; run boot_a_script; echo SCRIPT FAILED: continuing...; fi; done
scriptaddr=0x83500000
sd_dev=1
sec_boot=no
serial#=dc913b4456274011
soc=imx9
soc_type=imx91
splashimage=0x90000000
sr_ir_v2_cmd=cp.b ${fdtcontroladdr} ${fdt_addr_r} 0x10000;fdt addr ${fdt_addr_r};fdt resize 0x400;fdt set /soc@0/bus@44000000/i2c@44350000/gpio@34 compatible adi,adp5585;for i in ${nodes}; do fdt rm ${i}; done 
usb_boot=usb start; if usb dev ${devnum}; then devtype=usb; run scan_dev_for_boot_part; fi
vendor=freescale

Environment size: 6917/16380 bytes
u-boot=> 
U-Boot SPL 2024.04+gde16f4f1722+p0 (Sep 02 2024 - 10:44:35 +0000)
SOC: 0xa0009100
LC: 0x2040010
PMIC: PCA9451A
PMIC: Nominal Voltage Mode
DDR: 2400MTS
found DRAM 1GB DRAM matched
Normal Boot
Trying to boot from BOOTROM
Boot Stage: Primary boot
image offset 0x8000, pagesize 0x200, ivt offset 0x0
Load image from 0x51000 by ROM_API
NOTICE:  TRDC init done
NOTICE:  BL31: v2.10.0	(release):automotive-14.0.0_2.3.0
NOTICE:  BL31: Built : 10:35:32, Aug 29 2024


U-Boot 2024.04+gde16f4f1722+p0 (Sep 02 2024 - 10:44:35 +0000)

Reset Status: POR 

CPU:   NXP i.MX91(31) Rev1.0 A55 at 1400 MHz
CPU:   Industrial temperature grade  (-40C to 105C) at 32C

Model: NXP i.MX91 11X11 FRDM board
DRAM:  992 MiB
BOARD: V1.0(ADC2:686,ADC3:383)
TCPC:  Vendor ID [0x1fc9], Product ID [0x5110], Addr [I2C2 0x52]
TCPC:  Vendor ID [0x1fc9], Product ID [0x5110], Addr [I2C2 0x50]
Core:  211 devices, 30 uclasses, devicetree: separate
MMC:   FSL_SDHC: 0, FSL_SDHC: 1
Loading Environment from nowhere... OK
Fail to setup video link
In:    serial
Out:   serial
Err:   serial

BuildInfo:
  - ELE firmware version 2.0.0-64d8ef47

UID: dc913b44562740118900f77278b8c733
flash target is MMC:1
Net:   
Warning: ethernet@428a0000 (eth1) using random MAC address - 4a:3b:47:57:a3:87

Warning: ethernet@42890000 (eth0) using random MAC address - 7a:0e:a6:c6:23:75
eth0: ethernet@42890000, eth1: ethernet@428a0000 [PRIME]
Fastboot: Normal
Normal Boot
Hit any key to stop autoboot:  2  1  0 
Working FDT set to 83000000
libfdt fdt_path_offset() returned FDT_ERR_NOTFOUND
libfdt fdt_path_offset() returned FDT_ERR_NOTFOUND
libfdt fdt_path_offset() returned FDT_ERR_NOTFOUND
switch to partitions #0, OK
mmc0(part 0) is current device
Scanning mmc 0:1...
42895 bytes read in 1 ms (40.9 MiB/s)
7[r[999;999H[6n8Unable to open OP-TEE session (err=-5)
mm_communicate failed!
Error: Cannot initialize UEFI sub-system, r = 3
switch to partitions #0, OK
mmc1 is current device
Scanning mmc 1:1...
Found U-Boot script /boot.scr
4368 bytes read in 2 ms (2.1 MiB/s)
## Executing script at 83500000
Starting boot...
switch to partitions #0, OK
mmc1 is current device
Failed to load 'rugix.env'
Boot Spare:  0
Bootpart:  2
Bootdev: mmc 1: 2
16384 bytes written in 16 ms (1000 KiB/s)
35633664 bytes read in 419 ms (81.1 MiB/s)
42895 bytes read in 3 ms (13.6 MiB/s)
## Flattened Device Tree blob at 83000000
   Booting using the fdt blob at 0x83000000
Working FDT set to 83000000
   Using Device Tree in place at 0000000083000000, end 000000008300d78e
Working FDT set to 83000000

Starting kernel ...

[    0.000000] Booting Linux on physical CPU 0x0000000000 [0x412fd050]
[    0.000000] Linux version 6.6.36-lts-next-gd93b677ea76f (oe-user@oe-host) (aarch64-poky-linux-gcc (GCC) 13.3.0, GNU ld (GNU Binutils) 2.42.0.20240716) #1 SMP PREEMPT Wed Sep  4 08:22:45 UTC 2024
[    0.000000] KASLR disabled due to lack of seed
[    0.000000] Machine model: NXP i.MX91 11X11 FRDM board
[    0.000000] efi: UEFI not found.
[    0.000000] Reserved memory: created CMA memory pool at 0x0000000086000000, size 256 MiB
[    0.000000] OF: reserved mem: initialized node linux,cma, compatible id shared-dma-pool
[    0.000000] OF: reserved mem: 0x0000000086000000..0x0000000095ffffff (262144 KiB) map reusable linux,cma
[    0.000000] OF: reserved mem: 0x0000000096000000..0x0000000097dfffff (30720 KiB) nomap non-reusable optee_core@96000000
[    0.000000] OF: reserved mem: 0x0000000097e00000..0x0000000097ffffff (2048 KiB) nomap non-reusable optee_shm@97e00000
[    0.000000] Reserved memory: created DMA memory pool at 0x00000000a4120000, size 1 MiB
[    0.000000] OF: reserved mem: initialized node ele-reserved@a4120000, compatible id shared-dma-pool
[    0.000000] OF: reserved mem: 0x00000000a4120000..0x00000000a421ffff (1024 KiB) nomap non-reusable ele-reserved@a4120000
[    0.000000] earlycon: lpuart32 at MMIO32 0x0000000044380000 (options '')
[    0.000000] printk: bootconsole [lpuart32] enabled
[    0.000000] NUMA: No NUMA configuration found
[    0.000000] NUMA: Faking a node at [mem 0x0000000080000000-0x00000000bfffffff]
[    0.000000] NUMA: NODE_DATA [mem 0xbfddc6c0-0xbfddefff]
[    0.000000] Zone ranges:
[    0.000000]   DMA      [mem 0x0000000080000000-0x00000000bfffffff]
[    0.000000]   DMA32    empty
[    0.000000]   Normal   empty
[    0.000000] Movable zone start for each node
[    0.000000] Early memory node ranges
[    0.000000]   node   0: [mem 0x0000000080000000-0x0000000095ffffff]
[    0.000000]   node   0: [mem 0x0000000098000000-0x00000000a411ffff]
[    0.000000]   node   0: [mem 0x00000000a4120000-0x00000000a421ffff]
[    0.000000]   node   0: [mem 0x00000000a4220000-0x00000000bfffffff]
[    0.000000] Initmem setup node 0 [mem 0x0000000080000000-0x00000000bfffffff]
[    0.000000] On node 0, zone DMA: 8192 pages in unavailable ranges
[    0.000000] psci: probing for conduit method from DT.
[    0.000000] psci: PSCIv1.1 detected in firmware.
[    0.000000] psci: Using standard PSCI v0.2 function IDs
[    0.000000] psci: Trusted OS migration not required
[    0.000000] psci: SMC Calling Convention v1.4
[    0.000000] percpu: Embedded 22 pages/cpu s50536 r8192 d31384 u90112
[    0.000000] Detected VIPT I-cache on CPU0
[    0.000000] CPU features: detected: GIC system register CPU interface
[    0.000000] CPU features: detected: Virtualization Host Extensions
[    0.000000] CPU features: detected: Qualcomm erratum 1009, or ARM erratum 1286807, 2441009
[    0.000000] CPU features: detected: ARM errata 1165522, 1319367, or 1530923
[    0.000000] alternatives: applying boot alternatives
[    0.000000] Kernel command line: root=PARTUUID=a1de8d76-e543-40bb-bd37-683e6ecc5b59 rootwait init=/usr/bin/rugix-ctrl ro console=ttyLP0,115200 earlycon panic=60
[    0.000000] Dentry cache hash table entries: 131072 (order: 8, 1048576 bytes, linear)
[    0.000000] Inode-cache hash table entries: 65536 (order: 7, 524288 bytes, linear)
[    0.000000] Fallback order for Node 0: 0 
[    0.000000] Built 1 zonelists, mobility grouping on.  Total pages: 249856
[    0.000000] Policy zone: DMA
[    0.000000] mem auto-init: stack:all(zero), heap alloc:off, heap free:off
[    0.000000] software IO TLB: area num 1.
[    0.000000] software IO TLB: mapped [mem 0x00000000bac00000-0x00000000bec00000] (64MB)
[    0.000000] Memory: 630576K/1015808K available (21120K kernel code, 1646K rwdata, 7816K rodata, 4032K init, 643K bss, 123088K reserved, 262144K cma-reserved)
[    0.000000] SLUB: HWalign=64, Order=0-3, MinObjects=0, CPUs=1, Nodes=1
[    0.000000] rcu: Preemptible hierarchical RCU implementation.
[    0.000000] rcu: 	RCU event tracing is enabled.
[    0.000000] rcu: 	RCU restricting CPUs from NR_CPUS=256 to nr_cpu_ids=1.
[    0.000000] 	Trampoline variant of Tasks RCU enabled.
[    0.000000] 	Tracing variant of Tasks RCU enabled.
[    0.000000] rcu: RCU calculated value of scheduler-enlistment delay is 25 jiffies.
[    0.000000] rcu: Adjusting geometry for rcu_fanout_leaf=16, nr_cpu_ids=1
[    0.000000] NR_IRQS: 64, nr_irqs: 64, preallocated irqs: 0
[    0.000000] GICv3: GIC: Using split EOI/Deactivate mode
[    0.000000] GICv3: 256 SPIs implemented
[    0.000000] GICv3: 0 Extended SPIs implemented
[    0.000000] Root IRQ handler: gic_handle_irq
[    0.000000] GICv3: GICv3 features: 16 PPIs
[    0.000000] GICv3: CPU0: found redistributor 0 region 0:0x0000000048040000
[    0.000000] rcu: srcu_init: Setting srcu_struct sizes based on contention.
[    0.000000] arch_timer: cp15 timer(s) running at 24.00MHz (phys).
[    0.000000] clocksource: arch_sys_counter: mask: 0xffffffffffffff max_cycles: 0x588fe9dc0, max_idle_ns: 440795202592 ns
[    0.000000] sched_clock: 56 bits at 24MHz, resolution 41ns, wraps every 4398046511097ns
[    0.008418] Console: colour dummy device 80x25
[    0.012668] Calibrating delay loop (skipped), value calculated using timer frequency.. 48.00 BogoMIPS (lpj=96000)
[    0.022835] pid_max: default: 32768 minimum: 301
[    0.027486] LSM: initializing lsm=capability,integrity
[    0.032625] Mount-cache hash table entries: 2048 (order: 2, 16384 bytes, linear)
[    0.039909] Mountpoint-cache hash table entries: 2048 (order: 2, 16384 bytes, linear)
[    0.048496] cacheinfo: Unable to detect cache hierarchy for CPU 0
[    0.055130] RCU Tasks: Setting shift to 0 and lim to 1 rcu_task_cb_adjust=1.
[    0.062041] RCU Tasks Trace: Setting shift to 0 and lim to 1 rcu_task_cb_adjust=1.
[    0.069692] rcu: Hierarchical SRCU implementation.
[    0.074251] rcu: 	Max phase no-delay instances is 1000.
[    0.080367] EFI services will not be available.
[    0.084851] smp: Bringing up secondary CPUs ...
[    0.089194] smp: Brought up 1 node, 1 CPU
[    0.093129] SMP: Total of 1 processors activated.
[    0.097838] CPU features: detected: 32-bit EL0 Support
[    0.102938] CPU features: detected: 32-bit EL1 Support
[    0.108046] CPU features: detected: Data cache clean to the PoU not required for I/D coherence
[    0.116621] CPU features: detected: Common not Private translations
[    0.122860] CPU features: detected: CRC32 instructions
[    0.127978] CPU features: detected: RCpc load-acquire (LDAPR)
[    0.133693] CPU features: detected: LSE atomic instructions
[    0.139241] CPU features: detected: Privileged Access Never
[    0.144787] CPU features: detected: RAS Extension Support
[    0.150164] CPU features: detected: Speculative Store Bypassing Safe (SSBS)
[    0.157162] CPU: All CPU(s) started at EL2
[    0.161170] alternatives: applying system-wide alternatives
[    0.171908] devtmpfs: initialized
[    0.180121] clocksource: jiffies: mask: 0xffffffff max_cycles: 0xffffffff, max_idle_ns: 7645041785100000 ns
[    0.189647] futex hash table entries: 256 (order: 2, 16384 bytes, linear)
[    0.201789] pinctrl core: initialized pinctrl subsystem
[    0.208508] DMI not present or invalid.
[    0.212667] NET: Registered PF_NETLINK/PF_ROUTE protocol family
[    0.219161] DMA: preallocated 128 KiB GFP_KERNEL pool for atomic allocations
[    0.226077] DMA: preallocated 128 KiB GFP_KERNEL|GFP_DMA pool for atomic allocations
[    0.233750] DMA: preallocated 128 KiB GFP_KERNEL|GFP_DMA32 pool for atomic allocations
[    0.241639] audit: initializing netlink subsys (disabled)
[    0.247151] audit: type=2000 audit(0.160:1): state=initialized audit_enabled=0 res=1
[    0.255173] thermal_sys: Registered thermal governor 'step_wise'
[    0.255184] thermal_sys: Registered thermal governor 'power_allocator'
[    0.261007] cpuidle: using governor menu
[    0.271580] hw-breakpoint: found 6 breakpoint and 4 watchpoint registers.
[    0.278155] ASID allocator initialised with 65536 entries
[    0.284303] Serial: AMBA PL011 UART driver
[    0.288242] imx mu driver is registered.
[    0.292052] imx rpmsg driver is registered.
[    0.302918] imx93-pinctrl 443c0000.pinctrl: initialized IMX pinctrl driver
[    0.317811] platform 4c100000.usb: Fixed dependency cycle(s) with /soc@0/bus@42000000/i2c@42530000/tcpc@50
[    0.330067] Modules: 23888 pages in range for non-PLT usage
[    0.330083] Modules: 515408 pages in range for PLT usage
[    0.336264] HugeTLB: registered 1.00 GiB page size, pre-allocated 0 pages
[    0.348084] HugeTLB: 0 KiB vmemmap can be freed for a 1.00 GiB page
[    0.354323] HugeTLB: registered 32.0 MiB page size, pre-allocated 0 pages
[    0.361083] HugeTLB: 0 KiB vmemmap can be freed for a 32.0 MiB page
[    0.367322] HugeTLB: registered 2.00 MiB page size, pre-allocated 0 pages
[    0.374081] HugeTLB: 0 KiB vmemmap can be freed for a 2.00 MiB page
[    0.380322] HugeTLB: registered 64.0 KiB page size, pre-allocated 0 pages
[    0.387081] HugeTLB: 0 KiB vmemmap can be freed for a 64.0 KiB page
[    0.395457] ACPI: Interpreter disabled.
[    0.400627] iommu: Default domain type: Translated
[    0.405232] iommu: DMA domain TLB invalidation policy: strict mode
[    0.411648] SCSI subsystem initialized
[    0.415570] usbcore: registered new interface driver usbfs
[    0.420827] usbcore: registered new interface driver hub
[    0.426112] usbcore: registered new device driver usb
[    0.432062] mc: Linux media interface: v0.10
[    0.436145] videodev: Linux video capture interface: v2.00
[    0.441597] pps_core: LinuxPPS API ver. 1 registered
[    0.446476] pps_core: Software ver. 5.3.6 - Copyright 2005-2007 Rodolfo Giometti <giometti@linux.it>
[    0.455583] PTP clock support registered
[    0.459713] EDAC MC: Ver: 3.0.0
[    0.463274] scmi_core: SCMI protocol bus registered
[    0.468685] FPGA manager framework
[    0.471992] Advanced Linux Sound Architecture Driver Initialized.
[    0.478629] Bluetooth: Core ver 2.22
[    0.482014] NET: Registered PF_BLUETOOTH protocol family
[    0.487237] Bluetooth: HCI device and connection manager initialized
[    0.493569] Bluetooth: HCI socket layer initialized
[    0.498417] Bluetooth: L2CAP socket layer initialized
[    0.503458] Bluetooth: SCO socket layer initialized
[    0.508755] vgaarb: loaded
[    0.511951] clocksource: Switched to clocksource arch_sys_counter
[    0.518137] VFS: Disk quotas dquot_6.6.0
[    0.521857] VFS: Dquot-cache hash table entries: 512 (order 0, 4096 bytes)
[    0.528844] pnp: PnP ACPI: disabled
[    0.538727] NET: Registered PF_INET protocol family
[    0.543566] IP idents hash table entries: 16384 (order: 5, 131072 bytes, linear)
[    0.551773] tcp_listen_portaddr_hash hash table entries: 512 (order: 1, 8192 bytes, linear)
[    0.559909] Table-perturb hash table entries: 65536 (order: 6, 262144 bytes, linear)
[    0.567600] TCP established hash table entries: 8192 (order: 4, 65536 bytes, linear)
[    0.575338] TCP bind hash table entries: 8192 (order: 6, 262144 bytes, linear)
[    0.582722] TCP: Hash tables configured (established 8192 bind 8192)
[    0.588948] UDP hash table entries: 512 (order: 2, 16384 bytes, linear)
[    0.595431] UDP-Lite hash table entries: 512 (order: 2, 16384 bytes, linear)
[    0.602577] NET: Registered PF_UNIX/PF_LOCAL protocol family
[    0.608572] RPC: Registered named UNIX socket transport module.
[    0.614262] RPC: Registered udp transport module.
[    0.618916] RPC: Registered tcp transport module.
[    0.623595] RPC: Registered tcp-with-tls transport module.
[    0.629055] RPC: Registered tcp NFSv4.1 backchannel transport module.
[    0.636503] PCI: CLS 0 bytes, default 64
[    0.640627] kvm [1]: IPA Size Limit: 40 bits
[    0.644725] kvm [1]: GICv3: no GICV resource entry
[    0.649430] kvm [1]: disabling GICv2 emulation
[    0.653859] kvm [1]: GIC system register CPU interface enabled
[    0.659672] kvm [1]: vgic interrupt IRQ9
[    0.663568] kvm [1]: VHE mode initialized successfully
[    0.669798] Initialise system trusted keyrings
[    0.674259] workingset: timestamp_bits=42 max_order=18 bucket_order=0
[    0.680796] squashfs: version 4.0 (2009/01/31) Phillip Lougher
[    0.686733] NFS: Registering the id_resolver key type
[    0.691574] Key type id_resolver registered
[    0.695688] Key type id_legacy registered
[    0.699695] nfs4filelayout_init: NFSv4 File Layout Driver Registering...
[    0.706348] nfs4flexfilelayout_init: NFSv4 Flexfile Layout Driver Registering...
[    0.713733] jffs2: version 2.2. (NAND) © 2001-2006 Red Hat, Inc.
[    0.720068] 9p: Installing v9fs 9p2000 file system support
[    0.753961] Key type asymmetric registered
[    0.757813] Asymmetric key parser 'x509' registered
[    0.762714] Block layer SCSI generic (bsg) driver version 0.4 loaded (major 243)
[    0.770025] io scheduler mq-deadline registered
[    0.774527] io scheduler kyber registered
[    0.778593] io scheduler bfq registered
[    0.789014] EINJ: ACPI disabled.
[    0.798489] Bus freq driver module loaded
[    0.809974] Serial: 8250/16550 driver, 4 ports, IRQ sharing enabled
[    0.819527] 44380000.serial: ttyLP0 at MMIO 0x44380010 (irq = 17, base_baud = 1500000) is a FSL_LPUART[    0.828850] printk: console [ttyLP0] enabled
[    0.828850] printk: console [ttyLP0] enabled
[    0.837274] printk: bootconsole [lpuart32] disabled
[    0.837274] printk: bootconsole [lpuart32] disabled
[    0.853758] imx-drm display-subsystem: no available port
[    0.870687] loop: module loaded
[    0.875543] megasas: 07.725.01.00-rc1
[    0.886063] tun: Universal TUN/TAP device driver, 1.6
[    0.892141] thunder_xcv, ver 1.0
[    0.895400] thunder_bgx, ver 1.0
[    0.898689] nicpf, ver 1.0
[    0.902668] pps pps0: new PPS source ptp0
[    0.910691] fec 42890000.ethernet eth0: registered PHC device 0
[    0.918842] hns3: Hisilicon Ethernet Network Driver for Hip08 Family - version
[    0.926168] hns3: Copyright (c) 2017 Huawei Corporation.
[    0.931633] hclge is initializing
[    0.935017] e1000: Intel(R) PRO/1000 Network Driver
[    0.939899] e1000: Copyright (c) 1999-2006 Intel Corporation.
[    0.945673] e1000e: Intel(R) PRO/1000 Network Driver
[    0.950630] e1000e: Copyright(c) 1999 - 2015 Intel Corporation.
[    0.956569] igb: Intel(R) Gigabit Ethernet Network Driver
[    0.961958] igb: Copyright (c) 2007-2014 Intel Corporation.
[    0.967548] igbvf: Intel(R) Gigabit Virtual Function Network Driver
[    0.973804] igbvf: Copyright (c) 2009 - 2012 Intel Corporation.
[    0.979977] sky2: driver version 1.30
[    0.984351] usbcore: registered new device driver r8152-cfgselector
[    0.990667] usbcore: registered new interface driver r8152
[    0.996680] VFIO - User Level meta-driver version: 0.3
[    1.004624] usbcore: registered new interface driver uas
[    1.010050] usbcore: registered new interface driver usb-storage
[    1.016120] usbcore: registered new interface driver usbserial_generic
[    1.022676] usbserial: USB Serial support registered for generic
[    1.028690] usbcore: registered new interface driver ftdi_sio
[    1.034442] usbserial: USB Serial support registered for FTDI USB Serial Device
[    1.041801] usbcore: registered new interface driver usb_serial_simple
[    1.048343] usbserial: USB Serial support registered for carelink
[    1.054445] usbserial: USB Serial support registered for flashloader
[    1.060806] usbserial: USB Serial support registered for funsoft
[    1.066819] usbserial: USB Serial support registered for google
[    1.072755] usbserial: USB Serial support registered for hp4x
[    1.078515] usbserial: USB Serial support registered for kaufmann
[    1.084613] usbserial: USB Serial support registered for libtransistor
[    1.091147] usbserial: USB Serial support registered for moto_modem
[    1.097421] usbserial: USB Serial support registered for motorola_tetra
[    1.104043] usbserial: USB Serial support registered for nokia
[    1.109886] usbserial: USB Serial support registered for novatel_gps
[    1.116245] usbserial: USB Serial support registered for siemens_mpi
[    1.122606] usbserial: USB Serial support registered for suunto
[    1.128525] usbserial: USB Serial support registered for vivopay
[    1.134538] usbserial: USB Serial support registered for zio
[    1.140209] usbcore: registered new interface driver usb_ehset_test
[    1.151118] input: 44440000.bbnsm:pwrkey as /devices/platform/soc@0/44000000.bus/44440000.bbnsm/44440000.bbnsm:pwrkey/input/input0
[    1.167508] bbnsm_rtc 44440000.bbnsm:rtc: registered as rtc0
[    1.174394] bbnsm_rtc 44440000.bbnsm:rtc: setting system clock to 2026-04-10T21:07:30 UTC (1775855250)
[    1.184903] i2c_dev: i2c /dev entries driver
[    1.193852] imx7ulp-wdt 42490000.watchdog: imx93 wdt probe
[    1.231013] Bluetooth: HCI UART driver ver 2.3
[    1.235531] Bluetooth: HCI UART protocol H4 registered
[    1.240686] Bluetooth: HCI UART protocol BCSP registered
[    1.246025] Bluetooth: HCI UART protocol LL registered
[    1.251156] Bluetooth: HCI UART protocol ATH3K registered
[    1.256558] Bluetooth: HCI UART protocol Three-wire (H5) registered
[    1.263047] Bluetooth: HCI UART protocol Broadcom registered
[    1.268728] Bluetooth: HCI UART protocol QCA registered
[    1.275726] sdhci: Secure Digital Host Controller Interface driver
[    1.281957] sdhci: Copyright(c) Pierre Ossman
[    1.286889] Synopsys Designware Multimedia Card Interface Driver
[    1.293528] sdhci-pltfm: SDHCI platform and OF driver helper
[    1.302900] ledtrig-cpu: registered to indicate activity on CPUs
[    1.310807] fsl-se-fw se-fw2: assigned reserved memory node ele-reserved@a4120000
[    1.332706] mmc0: SDHCI controller on 42850000.mmc [42850000.mmc] using ADMA
[    1.340003] random: crng init done
[    1.346512] fsl-se-fw se-fw2: Successfully registered ele-trng
[    1.352846] fsl-se-fw se-fw2: i.MX secure-enclave: hsm1 interface to firmware, configured.
[    1.361406] SMCCC: SOC_ID: ARCH_SOC_ID not implemented, skipping ....
[    1.368414] usbcore: registered new interface driver usbhid
[    1.374061] usbhid: USB HID core driver
[    1.419345] hw perfevents: enabled with armv8_cortex_a55 PMU driver, 7 counters available
[    1.430467]  cs_system_cfg: CoreSight Configuration manager initialised
[    1.439651] optee: probing for conduit method.
[    1.444267] optee: revision 4.2 (612bc5a6)
[    1.444755] optee: dynamic shared memory is enabled
[    1.454227] optee: initialized driver
[    1.462417] NET: Registered PF_LLC protocol family
[    1.467381] u32 classifier
[    1.470124]     input device check on
[    1.473792]     Actions configured
[    1.477713] NET: Registered PF_INET6 protocol family
[    1.483793] Segment Routing with IPv6
[    1.487548] In-situ OAM (IOAM) with IPv6
[    1.491541] NET: Registered PF_PACKET protocol family
[    1.496632] bridge: filtering via arp/ip/ip6tables is no longer available by default. Update your scripts to load br_netfilter if you need this.
[    1.509838] Bluetooth: RFCOMM TTY layer initialized
[    1.514774] Bluetooth: RFCOMM socket layer initialized
[    1.519970] Bluetooth: RFCOMM ver 1.11
[    1.523755] Bluetooth: BNEP (Ethernet Emulation) ver 1.3
[    1.529085] Bluetooth: BNEP filters: protocol multicast
[    1.534323] Bluetooth: BNEP socket layer initialized
[    1.539343] Bluetooth: HIDP (Human Interface Emulation) ver 1.2
[    1.545301] Bluetooth: HIDP socket layer initialized
[    1.550733] mmc0: new HS400 Enhanced strobe MMC card at address 0001
[    1.557119] 8021q: 802.1Q VLAN Support v1.8
[    1.561912] mmcblk0: mmc0:0001 58A398 7.28 GiB
[    1.566496] lib80211: common routines for IEEE802.11 drivers
[    1.573420] 9pnet: Installing 9P2000 support
[    1.577796]  mmcblk0: p1 p2
[    1.580977] Key type dns_resolver registered
[    1.585750] mmcblk0boot0: mmc0:0001 58A398 4.00 MiB
[    1.590906] NET: Registered PF_VSOCK protocol family
[    1.597098] mmcblk0boot1: mmc0:0001 58A398 4.00 MiB
[    1.609371] mmcblk0rpmb: mmc0:0001 58A398 4.00 MiB, chardev (234:0)
[    1.629144] registered taskstats version 1
[    1.633940] Loading compiled-in X.509 certificates
[    1.663782] usb_phy_generic usbphynop1: dummy supplies not allowed for exclusive requests
[    1.672233] usb_phy_generic usbphynop2: dummy supplies not allowed for exclusive requests
[    1.699030] imx-dwmac 428a0000.ethernet: IRQ eth_lpi not found
[    1.705347] imx-dwmac 428a0000.ethernet: User ID: 0x10, Synopsys ID: 0x52
[    1.712192] imx-dwmac 428a0000.ethernet: 	DWMAC4/5
[    1.716992] imx-dwmac 428a0000.ethernet: DMA HW capability register supported
[    1.724123] imx-dwmac 428a0000.ethernet: RX Checksum Offload Engine supported
[    1.731246] imx-dwmac 428a0000.ethernet: TX Checksum insertion supported
[    1.737935] imx-dwmac 428a0000.ethernet: Wake-Up On Lan supported
[    1.744089] imx-dwmac 428a0000.ethernet: Enable RX Mitigation via HW Watchdog Timer
[    1.751738] imx-dwmac 428a0000.ethernet: Enabled L3L4 Flow TC (entries=8)
[    1.758520] imx-dwmac 428a0000.ethernet: Enabled RFS Flow TC (entries=10)
[    1.765308] imx-dwmac 428a0000.ethernet: Enabling HW TC (entries=256, max_off=256)
[    1.772873] imx-dwmac 428a0000.ethernet: Using 32/32 bits DMA host/device width
[    1.793065] ci_hdrc ci_hdrc.1: EHCI Host Controller
[    1.798005] ci_hdrc ci_hdrc.1: new USB bus registered, assigned bus number 1
[    1.819947] ci_hdrc ci_hdrc.1: USB 2.0 started, EHCI 1.00
[    1.825979] hub 1-0:1.0: USB hub found
[    1.829810] hub 1-0:1.0: 1 port detected
[    1.848714] i2c i2c-0: LPI2C adapter registered
[    1.855675] pca953x 1-0022: supply vcc not found, using dummy regulator
[    1.863229] pca953x 1-0022: using AI
[    1.868222] i2c i2c-1: LPI2C adapter registered
[    1.875457] OF: graph: no port node found in /soc@0/bus@42000000/i2c@42530000/tcpc@50/connector
[    1.884263] OF: graph: no port node found in /soc@0/bus@42000000/i2c@42530000/tcpc@50/connector
[    1.893008] OF: graph: no port node found in /soc@0/bus@42000000/i2c@42530000/tcpc@50/connector
[    1.907402] i2c i2c-2: LPI2C adapter registered
[    1.914109] 42590000.serial: ttyLP4 at MMIO 0x42590010 (irq = 106, base_baud = 1500000) is a FSL_LPUART
[    1.923734] serial serial0: tty port ttyLP4 registered
[    1.933619] sdhci-esdhc-imx 42860000.mmc: Got CD GPIO
[    1.956424] sdhci-esdhc-imx 428b0000.mmc: allocated mmc-pwrseq
[    1.964784] nxp-pca9450 1-0025: pca9451a probed.
[    1.980351] mmc1: SDHCI controller on 42860000.mmc [42860000.mmc] using ADMA
[    1.987981] pca953x 0-0020: using no AI
[    2.023421] mmc2: SDHCI controller on 428b0000.mmc [428b0000.mmc] using ADMA
[    2.036445] input: sw-keys as /devices/platform/sw-keys/input/input1
[    2.043922] cfg80211: Loading compiled-in X.509 certificates for regulatory database
[    2.053419] Loaded X.509 cert 'sforshee: 00b28ddf47aef9cea7'
[    2.060050] Loaded X.509 cert 'wens: 61c038651aabdcf94bd0ac7ff06c7248db18c600'
[    2.067429] platform regulatory.0: Direct firmware load for regulatory.db failed with error -2
[    2.076169] clk: Disabling unused clocks
[    2.080895] ALSA device list:
[    2.083927] platform regulatory.0: Falling back to sysfs fallback for: regulatory.db
[    2.091725]   No soundcards found.
[    2.095651] Waiting for root device PARTUUID=a1de8d76-e543-40bb-bd37-683e6ecc5b59...
[    2.111748] mmc1: host does not support reading read-only switch, assuming write-enable
[    2.150865] mmc1: new ultra high speed SDR104 SDHC card at address 5048
[    2.166206] mmcblk1: mmc1:5048 SD32G 29.7 GiB
[    2.171603] mmc2: new ultra high speed SDR104 SDIO card at address 0001
[    2.182514] GPT:Primary header thinks Alt. header is not at the end of the disk.
[    2.189965] GPT:1052553 != 62357503
[    2.193475] GPT:Alternate GPT header not at the end of the disk.
[    2.199486] GPT:1052553 != 62357503
[    2.202982] GPT: Use GNU Parted to correct GPT errors.
[    2.208138]  mmcblk1: p1 p2
[    2.219488] EXT4-fs (mmcblk1p2): mounted filesystem 5e76d946-7052-4b5a-9495-0f843947713b ro without journal. Quota mode: none.
[    2.231123] VFS: Mounted root (ext4 filesystem) readonly on device 179:98.
[    2.238920] devtmpfs: mounted
[    2.243329] Freeing unused kernel memory: 4032K
[    2.248148] Run /usr/bin/rugix-ctrl as init process


    ____              _     
   / __ \__  ______ _(_)  __
  / /_/ / / / / __ `/ / |/_/
 / _, _/ /_/ / /_/ / />  <  
/_/ |_|\__,_/\__, /_/_/|_|        by Silitics
            /____/          

For more information, visit https://rugix.org/.


PATH='/usr/local/sbin:/usr/local/bin:/usr/sbin:/usr/bin:/sbin:/bin'
[2K[32m INFO[0m running hooks for "boot/pre-init"
[2K[2K[2K[32m INFO[0m running hooks for "bootstrap/prepare"
[2K[2K[32m INFO[0m Found bootstrapping marker. Begin bootstrapping
[2K[2K[32m INFO[0m running hooks for "bootstrap/pre-layout"
[2KPartition: 1, Next Start: 2048 blocks, Last Useable: 62357470 blocks
  Start: 16384 blocks, End: 147455 blocks, Available: 131072 blocks, Size: 131072 blocks
Partition: 2, Next Start: 147456 blocks, Last Useable: 62357470 blocks
  Start: 147456 blocks, End: 8536063 blocks, Available: 62210015 blocks, Size: 8388608 blocks
Partition: 3, Next Start: 8536064 blocks, Last Useable: 62357470 blocks
  Start: 8536064 blocks, End: 16924671 blocks, Available: 53821407 blocks, Size: 8388608 blocks
Partition: 4, Next Start: 16924672 blocks, Last Useable: 62357470 blocks
  Start: 16924672 blocks, End: 62357470 blocks, Available: 45432799 blocks, Size: 45432799 blocks
label: gpt
label-id: 00000000-0000-0000-0000-00004D9B9EF0
1: start=16384,size=131072,type=EBD0A0A2-B9E5-4433-87C0-68B6B72699C7,uuid=4D0A7B17-FFE1-41CD-9F9E-50E9FDED3C68
2: start=147456,size=8388608,type=0FC63DAF-8483-4772-8E79-3D69D8477DE4,uuid=A1DE8D76-E543-40BB-BD37-683E6ECC5B59
3: start=8536064,size=8388608,type=0FC63DAF-8483-4772-8E79-3D69D8477DE4
4: start=16924672,size=45432799,type=0FC63DAF-8483-4772-8E79-3D69D8477DE4

[2K[2K[2K[2KResize Partition: 2 75497472 B 4294967296 B
Add Partition: 3 4370464768 B 4294967296 B
Add Partition: 4 8665432064 B 23261593088 B
[2K[2K[2K[2K[2K[2K[2K[2K[2K[2K[2K[2K[2K[2K[2K[2K[2K[2K[2K[2K[2K[2K[2K[2K[2K[2K[2K[2K[2K[2K[2K[2K[2K[2K[2K[2K[2K[2K[2K[2K[2K[2K[2K[2K[2K[2K[2K[2K[2K[2K[2K[2K[2K[2K[2K[2K[2K[2K[2K[2K[2K[2K[2K[2K[2K[2K[2K[2K[2K[2K[2K[2K[2K[2K[2K[2K[2K[2K[2K[2K[2K[2K[2K[2K[2K[2K[2K[2K[2K[2K[2K[2K[2K[2K[2K[2K[2K[2K[2K[2K[2K[2K[2K[2K[2K[2K[2K[2K[2K[2K[2K[2K[2K[2K[2K[2K[2K[2K[2K[2K[2K[2K[2K[2K[2K[2K[2K[2K[2K[2K[2K[2K[2K[2K[2K[2K[2K[2K[2K[2K[2K[2K[2K[2K[2K[2K[2K[2K[2K[2K[2K[2K[2K[2K[2K[2K[2K[2K[2K[2K[2K[2K[2K[2K[2K[2K[2K[2K[2K[2K[2K[2K[2K[2K[2K[2K[2K[2K[2K[2K[2K[2K[2K[2K[2K[2K[2K[2K[2K[2K[2K[2K[2K[2K[2K[2K[2K[2K[2K[2K[2K[2K[2K[2K[2K[2K[2K[2K[2K[2K[2K[2K[2K[2K[2K[2K[2K[2K[2K[2K[2K[2K[2K[2K[2K[32m INFO[0m running hooks for "bootstrap/post-layout"
[2K[2K[2K[32m INFO[0m Done bootstrapping
[2K[2K[2K[   25.596896] EXT4-fs (mmcblk1p4): mounted filesystem 1e716f19-5e78-42bb-84a7-188c7c8307ad r/w with ordered data mode. Quota mode: none.
[2KChanging current working directory to overlay root directory.
Pivoting root mount point to current working directory.
Unmounting the previous root filesystem.
Changing current working directory to `/`.
[2K[32m INFO[0m running hooks for "boot/post-init"
[2KStarting system init process.
[   25.881670] systemd[1]: systemd 255.4^ running in system mode (-PAM -AUDIT -SELINUX -APPARMOR +IMA -SMACK +SECCOMP -GCRYPT -GNUTLS -OPENSSL +ACL +BLKID -CURL -ELFUTILS -FIDO2 -IDN2 -IDN -IPTC +KMOD -LIBCRYPTSETUP +LIBFDISK -PCRE2 -PWQUALITY -P11KIT -QRENCODE -TPM2 -BZIP2 -LZ4 -XZ -ZLIB +ZSTD -BPF_FRAMEWORK +XKBCOMMON +UTMP +SYSVINIT default-hierarchy=unified)
[   25.913550] systemd[1]: Detected architecture arm64.

Welcome to [1mPoky (Yocto Project Reference Distro) 5.0.2 (scarthgap)[0m!

[   25.937194] systemd[1]: Hostname set to <imx91frdm>.
[   26.469331] systemd[1]: Queued start job for default target Multi-User System.
[   26.492905] systemd[1]: Created slice Slice /system/getty.
[[0;32m  OK  [0m] Created slice [0;1;39mSlice /system/getty[0m.
[   26.518052] systemd[1]: Created slice Slice /system/modprobe.
[[0;32m  OK  [0m] Created slice [0;1;39mSlice /system/modprobe[0m.
[   26.542059] systemd[1]: Created slice Slice /system/serial-getty.
[[0;32m  OK  [0m] Created slice [0;1;39mSlice /system/serial-getty[0m.
[   26.565556] systemd[1]: Created slice User and Session Slice.
[[0;32m  OK  [0m] Created slice [0;1;39mUser and Session Slice[0m.
[   26.588534] systemd[1]: Started Dispatch Password Requests to Console Directory Watch.
[[0;32m  OK  [0m] Started [0;1;39mDispatch Password Requests to Console Directory Watch[0m.
[   26.616454] systemd[1]: Started Forward Password Requests to Wall Directory Watch.
[[0;32m  OK  [0m] Started [0;1;39mForward Password Requests to Wall Directory Watch[0m.
[   26.640317] systemd[1]: Reached target Path Units.
[[0;32m  OK  [0m] Reached target [0;1;39mPath Units[0m.
[   26.660199] systemd[1]: Reached target Remote File Systems.
[[0;32m  OK  [0m] Reached target [0;1;39mRemote File Systems[0m.
[   26.680160] systemd[1]: Reached target Slice Units.
[[0;32m  OK  [0m] Reached target [0;1;39mSlice Units[0m.
[   26.700204] systemd[1]: Reached target Swaps.
[[0;32m  OK  [0m] Reached target [0;1;39mSwaps[0m.
[   26.721151] systemd[1]: Listening on Syslog Socket.
[[0;32m  OK  [0m] Listening on [0;1;39mSyslog Socket[0m.
[   26.740605] systemd[1]: Listening on initctl Compatibility Named Pipe.
[[0;32m  OK  [0m] Listening on [0;1;39minitctl Compatibility Named Pipe[0m.
[   26.765455] systemd[1]: Listening on Journal Audit Socket.
[[0;32m  OK  [0m] Listening on [0;1;39mJournal Audit Socket[0m.
[   26.788822] systemd[1]: Listening on Journal Socket (/dev/log).
[[0;32m  OK  [0m] Listening on [0;1;39mJournal Socket (/dev/log)[0m.
[   26.812918] systemd[1]: Listening on Journal Socket.
[[0;32m  OK  [0m] Listening on [0;1;39mJournal Socket[0m.
[   26.833109] systemd[1]: Listening on Network Service Netlink Socket.
[[0;32m  OK  [0m] Listening on [0;1;39mNetwork Service Netlink Socket[0m.
[   26.857179] systemd[1]: Listening on udev Control Socket.
[[0;32m  OK  [0m] Listening on [0;1;39mudev Control Socket[0m.
[   26.880778] systemd[1]: Listening on udev Kernel Socket.
[[0;32m  OK  [0m] Listening on [0;1;39mudev Kernel Socket[0m.
[   26.904920] systemd[1]: Listening on User Database Manager Socket.
[[0;32m  OK  [0m] Listening on [0;1;39mUser Database Manager Socket[0m.
[   26.952726] systemd[1]: Mounting Huge Pages File System...
         Mounting [0;1;39mHuge Pages File System[0m...
[   26.988590] systemd[1]: Mounting POSIX Message Queue File System...
         Mounting [0;1;39mPOSIX Message Queue File System[0m...
[   27.044649] systemd[1]: Mounting Kernel Debug File System...
         Mounting [0;1;39mKernel Debug File System[0m...
[   27.072522] systemd[1]: Kernel Trace File System was skipped because of an unmet condition check (ConditionPathExists=/sys/kernel/tracing).
[   27.103201] systemd[1]: Mounting Temporary Directory /tmp...
         Mounting [0;1;39mTemporary Directory /tmp[0m...
[   27.152737] systemd[1]: Starting Create List of Static Device Nodes...
         Starting [0;1;39mCreate List of Static Device Nodes[0m...
[   27.216608] systemd[1]: Starting Load Kernel Module configfs...
         Starting [0;1;39mLoad Kernel Module configfs[0m...
[   27.268929] systemd[1]: Starting Load Kernel Module drm...
         Starting [0;1;39mLoad Kernel Module drm[0m...
[   27.316926] systemd[1]: Starting Load Kernel Module fuse...
         Starting [0;1;39mLoad Kernel Module fuse[0m...
[   27.344306] systemd[1]: File System Check on Root Device was skipped because of an unmet condition check (ConditionPathIsReadWrite=!/).
[   27.395407] fuse: init (API version 7.39)
[   27.400240] systemd[1]: Starting Journal Service...
         Starting [0;1;39mJournal Service[0m...
[   27.437220] systemd[1]: Load Kernel Modules was skipped because no trigger condition checks were met.
[   27.468742] systemd[1]: Starting Generate network units from Kernel command line...
         Starting [0;1;39mGenerate network units from Kernel command line[0m...
[   27.547114] systemd[1]: Starting Remount Root and Kernel File Systems...
[   27.566427] systemd-journald[132]: Collecting audit messages is enabled.
         Starting [0;1;39mRemount Root and Kernel File Systems[0m...
[   27.640630] systemd[1]: Starting Apply Kernel Variables...
         Starting [0;1;39mApply Kernel Variables[0m...
[   27.744919] systemd[1]: Starting Coldplug All udev Devices...
         Starting [0;1;39mColdplug All udev Devices[0m...
[   27.853583] systemd[1]: Started Journal Service.
[[0;32m  OK  [0m] Started [0;1;39mJournal Service[0m.
[[0;32m  OK  [0m] Mounted [0;1;39mHuge Pages File System[0m.
[[0;32m  OK  [0m] Mounted [0;1;39mPOSIX Message Queue File System[0m.
[[0;32m  OK  [0m] Mounted [0;1;39mKernel Debug File System[0m.
[[0;32m  OK  [0m] Mounted [0;1;39mTemporary Directory /tmp[0m.
[[0;32m  OK  [0m] Finished [0;1;39mCreate List of Static Device Nodes[0m.
[[0;32m  OK  [0m] Finished [0;1;39mLoad Kernel Module configfs[0m.
[[0;32m  OK  [0m] Finished [0;1;39mLoad Kernel Module drm[0m.
[[0;32m  OK  [0m] Finished [0;1;39mLoad Kernel Module fuse[0m.
[[0;32m  OK  [0m] Finished [0;1;39mGenerate network units from Kernel command line[0m.
[[0;32m  OK  [0m] Finished [0;1;39mRemount Root and Kernel File Systems[0m.
[[0;32m  OK  [0m] Finished [0;1;39mApply Kernel Variables[0m.
[[0;32m  OK  [0m] Reached target [0;1;39mPreparation for Network[0m.
         Mounting [0;1;39mFUSE Control File System[0m...
         Mounting [0;1;39mKernel Configuration File System[0m...
         Starting [0;1;39mFlush Journal to Persistent Storage[0m...
         Starting [0;1;39mCreate Static Device Nodes in /dev gracefully[0m...
[[0;32m  OK  [0m] Mounted [0;1;39mFUSE Control File System[0m.
[[0;32m  OK  [0m] Mounted [0;1;39mKernel Configuration File System[0m.
[   28.547509] systemd-journald[132]: Received client request to flush runtime journal.
[[0;32m  OK  [0m] Finished [0;1;39mFlush Journal to Persistent Storage[0m.
[[0;32m  OK  [0m] Finished [0;1;39mCreate Static Device Nodes in /dev gracefully[0m.
         Starting [0;1;39mCreate System Users[0m...
[   28.808822] audit: type=1334 audit(1775855278.132:2): prog-id=6 op=LOAD
[   28.832346] audit: type=1334 audit(1775855278.140:3): prog-id=7 op=LOAD
[   28.852224] audit: type=1334 audit(1775855278.140:4): prog-id=8 op=LOAD
         Starting [0;1;39mUser Database Manager[0m...
[[0;32m  OK  [0m] Started [0;1;39mUser Database Manager[0m.
[[0;32m  OK  [0m] Finished [0;1;39mCreate System Users[0m.
         Starting [0;1;39mCreate Static Device Nodes in /dev[0m...
[[0;32m  OK  [0m] Finished [0;1;39mCreate Static Device Nodes in /dev[0m.
[[0;32m  OK  [0m] Reached target [0;1;39mPreparation for Local File Systems[0m.
         Mounting [0;1;39m/var/volatile[0m...
[   29.602497] audit: type=1334 audit(1775855278.924:5): prog-id=9 op=LOAD
[   29.620161] audit: type=1334 audit(1775855278.932:6): prog-id=10 op=LOAD
         Starting [0;1;39mRule-based Manager for Device Events and Files[0m...
[[0;32m  OK  [0m] Mounted [0;1;39m/var/volatile[0m.
[[0;32m  OK  [0m] Finished [0;1;39mColdplug All udev Devices[0m.
         Starting [0;1;39mLoad/Save OS Random Seed[0m...
[[0;32m  OK  [0m] Reached target [0;1;39mLocal File Systems[0m.
         Starting [0;1;39mRebuild Dynamic Linker Cache[0m...
         Starting [0;1;39mCreate Volatile Files and Directories[0m...
[[0;32m  OK  [0m] Started [0;1;39mRule-based Manager for Device Events and Files[0m.
[   30.002160] audit: type=1334 audit(1775855279.324:7): prog-id=11 op=LOAD
         Starting [0;1;39mNetwork Configuration[0m...
[[0;32m  OK  [0m] Finished [0;1;39mLoad/Save OS Random Seed[0m.
[[0;32m  OK  [0m] Finished [0;1;39mCreate Volatile Files and Directories[0m.
         Starting [0;1;39mRebuild Journal Catalog[0m...
[   30.398750] audit: type=1334 audit(1775855279.720:8): prog-id=12 op=LOAD
         Starting [0;1;39mNetwork Name Resolution[0m...
[   30.530468] audit: type=1334 audit(1775855279.852:9): prog-id=13 op=LOAD
         Starting [0;1;39mNetwork Time Synchronization[0m...
         Starting [0;1;39mRecord System Boot/Shutdown in UTMP[0m...
[[0;32m  OK  [0m] Finished [0;1;39mRebuild Dynamic Linker Cache[0m.
[[0;32m  OK  [0m] Finished [0;1;39mRebuild Journal Catalog[0m.
[[0;32m  OK  [0m] Started [0;1;39mNetwork Configuration[0m.
         Starting [0;1;39mUpdate is Completed[0m...
[[0;32m  OK  [0m] Finished [0;1;39mRecord System Boot/Shutdown in UTMP[0m.
[[0;32m  OK  [0m] Finished [0;1;39mUpdate is Completed[0m.
[[0;32m  OK  [0m] Started [0;1;39mNetwork Name Resolution[0m.
[[0;32m  OK  [0m] Reached target [0;1;39mHost and Network Name Lookups[0m.
[[0;32m  OK  [0m] Started [0;1;39mNetwork Time Synchronization[0m.
[[0;32m  OK  [0m] Reached target [0;1;39mSystem Initialization[0m.
[[0;32m  OK  [0m] Started [0;1;39mDaily Cleanup of Temporary Directories[0m.
[[0;32m  OK  [0m] Reached target [0;1;39mSystem Time Set[0m.
[[0;32m  OK  [0m] Reached target [0;1;39mTimer Units[0m.
[[0;32m  OK  [0m] Listening on [0;1;39mD-Bus System Message Bus Socket[0m.
[[0;32m  OK  [0m] Listening on [0;1;39mdropbear.socket[0m.
[[0;32m  OK  [0m] Reached target [0;1;39mSocket Units[0m.
[[0;32m  OK  [0m] Reached target [0;1;39mBasic System[0m.
[[0;32m  OK  [0m] Started [0;1;39mKernel Logging Service[0m.
[   31.939082] YT8521 Gigabit Ethernet 42890000.ethernet-1:02: attached PHY driver (mii_bus:phy_addr=42890000.ethernet-1:02, irq=POLL)
[[0;32m  OK  [0m] Started [0;1;39mSystem Logging Service[0m.
[   32.012715] imx-dwmac 428a0000.ethernet eth1: Register MEM_TYPE_PAGE_POOL RxQ-0
[   32.058997] imx-dwmac 428a0000.ethernet eth1: PHY [stmmac-1:01] driver [YT8521 Gigabit Ethernet] (irq=POLL)
         Starting [0;1;39mD-Bus System Message Bus[0m...
[   32.108072] imx-dwmac 428a0000.ethernet eth1: No Safety Features support found
[   32.136178] imx-dwmac 428a0000.ethernet eth1: IEEE 1588-2008 Advanced Timestamp supported
[   32.175136] imx-dwmac 428a0000.ethernet eth1: registered PTP clock
[[0;32m  OK  [0m] Started [0;1;39mGetty on tty1[0m.
[   32.210057] imx-dwmac 428a0000.ethernet eth1: FPE workqueue start
[   32.236022] imx-dwmac 428a0000.ethernet eth1: configuring for phy/rgmii-id link mode
[   32.273142] 8021q: adding VLAN 0 to HW filter on device eth1
[[0;32m  OK  [0m] Started [0;1;39mSerial Getty on ttyLP0[0m.
[[0;32m  OK  [0m] Reached target [0;1;39mLogin Prompts[0m.
[   32.413304] audit: type=1334 audit(1775855281.736:10): prog-id=14 op=LOAD
[   32.441279] audit: type=1334 audit(1775855281.744:11): prog-id=15 op=LOAD
         Starting [0;1;39mUser Login Management[0m...
[[0;32m  OK  [0m] Started [0;1;39mD-Bus System Message Bus[0m.
[[0;32m  OK  [0m] Started [0;1;39mUser Login Management[0m.
         Starting [0;1;39mNetwork Manager[0m...
         Starting [0;1;39mHostname Service[0m...
[[0;32m  OK  [0m] Started [0;1;39mHostname Service[0m.
         Starting [0;1;39mNetwork Manager Script Dispatcher Service[0m...
[[0;32m  OK  [0m] Started [0;1;39mNetwork Manager Script Dispatcher Service[0m.
[[0;32m  OK  [0m] Started [0;1;39mNetwork Manager[0m.
[[0;32m  OK  [0m] Reached target [0;1;39mNetwork[0m.
         Starting [0;1;39mDNS forwarder and DHCP server[0m...
[[0;32m  OK  [0m] Started [0;1;39mDNS forwarder and DHCP server[0m.
[[0;32m  OK  [0m] Reached target [0;1;39mMulti-User System[0m.
         Starting [0;1;39mRecord Runlevel Change in UTMP[0m...
[[0;32m  OK  [0m] Finished [0;1;39mRecord Runlevel Change in UTMP[0m.
[   35.025146] fec 42890000.ethernet eth0: Link is Up - 1Gbps/Full - flow control rx/tx
[   35.226928] systemd-journald[132]: Time jumped backwards, rotating.

Poky (Yocto Project Reference Distro) 5.0.2 imx91frdm ttyLP0

imx91frdm login: [   36.097533] CAN device driver interface
[   36.157394] rtc-pcf2131-i2c 2-0053: oscillator stop detected, date/time is not reliable
[   36.246619] rtc-pcf2131-i2c 2-0053: registered as rtc1
[   36.514511] fsl_mc_err_probe: No ECC DIMMs discovered
r[   36.996086] Bluetooth: hci0: ChipID: 8801, Version: 192
[   37.005550] Bluetooth: hci0: Request Firmware: nxp/uartspi_iw610_v0.bin.se
[   37.020833] Bluetooth: hci0: Firmware file nxp/uartspi_iw610_v0.bin.se not found
oot

WARNING: Poky is a reference Yocto Project distribution that should be used for
testing and development purposes only. It is recommended that you create your
own distribution for production use.

7[r[999;999H[6n8root@imx91frdm:~# rugix-ctrl system info
{
  [36m[1m"boot"[0m: {
    [36m[1m"activeGroup"[0m: [32m"a"[0m,
    [36m[1m"bootFlow"[0m: [32m"uboot"[0m,
    [36m[1m"defaultGroup"[0m: [32m"a"[0m,
    [36m[1m"groups"[0m: {
      [36m[1m"a"[0m: {},
      [36m[1m"b"[0m: {}
    }
  },
  [36m[1m"slots"[0m: {
    [36m[1m"system-a"[0m: {
      [36m[1m"active"[0m: [35mtrue[0m
    },
    [36m[1m"system-b"[0m: {
      [36m[1m"active"[0m: [35mfalse[0m
    }
  },
  [36m[1m"state"[0m: {
    [36m[1m"dataPartition"[0m: [32m"/dev/mmcblk1p4"[0m,
    [36m[1m"status"[0m: [32m"Active"[0m
  }
}
root@imx91frdm:~# rugix-ctrl system info           update install [   62.608344] cfg80211: failed to load regulatory.db
^C
root@imx91frdm:~# [   64.200221] kauditd_printk_skb: 4 callbacks suppressed
[   64.200233] audit: type=1334 audit(1775855313.072:16): prog-id=19 op=UNLOAD
[   64.214553] audit: type=1334 audit(1775855313.072:17): prog-id=18 op=UNLOAD
[   64.222440] audit: type=1334 audit(1775855313.072:18): prog-id=17 op=UNLOAD
ip addr
1: lo: <LOOPBACK,UP,LOWER_UP> mtu 65536 qdisc noqueue qlen 1000
    link/loopback 00:00:00:00:00:00 brd 00:00:00:00:00:00
    inet 127.0.0.1/8 scope host lo
       valid_lft forever preferred_lft forever
    inet6 ::1/128 scope host noprefixroute 
       valid_lft forever preferred_lft forever
2: eth0: <BROADCAST,MULTICAST,UP,LOWER_UP> mtu 1500 qdisc mq qlen 1000
    link/ether 7a:0e:a6:c6:23:75 brd ff:ff:ff:ff:ff:ff
    inet 192.168.178.123/24 brd 192.168.178.255 scope global dynamic eth0
       valid_lft 863970sec preferred_lft 863970sec
    inet 192.168.178.124/24 brd 192.168.178.255 scope global secondary dynamic noprefixroute eth0
       valid_lft 863970sec preferred_lft 863970sec
    inet6 2a00:1e:f840:7601:b235:4b8a:8eb7:f3e8/64 scope global dynamic noprefixroute 
       valid_lft 6575sec preferred_lft 2975sec
    inet6 fddd:76c2:e2ef:0:6a7b:b642:51f3:bff2/64 scope global dynamic noprefixroute 
       valid_lft 7200sec preferred_lft 3600sec
    inet6 fddd:76c2:e2ef:0:780e:a6ff:fec6:2375/64 scope global dynamic noprefixroute flags 100 
       valid_lft 7200sec preferred_lft 3600sec
    inet6 2a00:1e:f840:7601:780e:a6ff:fec6:2375/64 scope global dynamic noprefixroute flags 100 
       valid_lft 6575sec preferred_lft 2975sec
    inet6 fe80::e62a:1a2e:309:9f77/64 scope link noprefixroute 
       valid_lft forever preferred_lft forever
3: eth1: <NO-CARRIER,BROADCAST,MULTICAST,UP> mtu 1500 qdisc mq qlen 1000
    link/ether 4a:3b:47:57:a3:87 brd ff:ff:ff:ff:ff:ff
4: can0: <NOARP40000> mtu 16 qdisc noop qlen 10
    link/[280] 
root@imx91frdm:~# ip addrrugix-ctrl system info           updat  e instal core-image-minimal-imx91frdm.rootfs.rugixb root@imx91frdm:~# rugix-ctrl update instal[1@l [1@ [1@-[1@t[1@i[1@n[1P[1P[1P[1@-[1@i[1@n[1@s[1@e[1@c[1@u[1@r[1@e[1@-[1@s[1@k[1@i[1@p[1@-[1@b[1@u[1@n[1@d[1@l[1@e[1@-[  100.688076] Bluetooth: hci0: Opcode 0x0c03 failed: -110
[1@v[1@e[1@r[1@i[1@f[1@i[1@c[1@a[1@t[1@i[1@o[1@n [1@ 
[2K[32m INFO[0m installing update to boot group "b"
[2K[2K[32m INFO[0m running hooks for "update-install/pre-update"
[2K[2K◐[0m[2K[32m INFO[0m installing bundle payload 0 to slot system-b
